#
# There is insufficient memory for the Java Runtime Environment to continue.
# Native memory allocation (mmap) failed to map 266338304 bytes. Error detail: G1 virtual space
# Possible reasons:
#   The system is out of physical RAM or swap space
#   This process is running with CompressedOops enabled, and the Java Heap may be blocking the growth of the native heap
# Possible solutions:
#   Reduce memory load on the system
#   Increase physical memory or swap space
#   Check if swap backing store is full
#   Decrease Java heap size (-Xmx/-Xms)
#   Decrease number of Java threads
#   Decrease Java thread stack sizes (-Xss)
#   Set larger code cache with -XX:ReservedCodeCacheSize=
#   JVM is running with Zero Based Compressed Oops mode in which the Java heap is
#     placed in the first 32GB address space. The Java Heap base address is the
#     maximum limit for the native heap growth. Please use -XX:HeapBaseMinAddress
#     to set the Java Heap base and to place the Java Heap above 32GB virtual address.
# This output file may be truncated or incomplete.
#
#  Out of Memory Error (os_windows.cpp:3828), pid=12028, tid=1968
#
# JRE version:  (21.0.4+13) (build )
# Java VM: OpenJDK 64-Bit Server VM (21.0.4+13-b509.26, mixed mode, sharing, tiered, compressed oops, compressed class ptrs, g1 gc, windows-amd64)
# No core dump will be written. Minidumps are not enabled by default on client versions of Windows
#

---------------  S U M M A R Y ------------

Command Line: git4idea.http.GitAskPassApp Username for 'https://github.com': 

Host: Intel(R) Core(TM) i7-9750H CPU @ 2.60GHz, 12 cores, 15G,  Windows 11 , 64 bit Build 26100 (10.0.26100.4202)
Time: Thu Jun 12 04:10:32 2025 Iran Standard Time elapsed time: 1.036049 seconds (0d 0h 0m 1s)

---------------  T H R E A D  ---------------

Current thread (0x00000233b379ec10):  JavaThread "Unknown thread" [_thread_in_vm, id=1968, stack(0x0000005a3a000000,0x0000005a3a100000) (1024K)]

Stack: [0x0000005a3a000000,0x0000005a3a100000]
Native frames: (J=compiled Java code, j=interpreted, Vv=VM code, C=native code)
V  [jvm.dll+0x6e3739]
V  [jvm.dll+0x8c0c33]
V  [jvm.dll+0x8c318e]
V  [jvm.dll+0x8c3873]
V  [jvm.dll+0x288256]
V  [jvm.dll+0x6dfec5]
V  [jvm.dll+0x6d439a]
V  [jvm.dll+0x36211b]
V  [jvm.dll+0x369cc6]
V  [jvm.dll+0x3bbdf6]
V  [jvm.dll+0x3bc0c8]
V  [jvm.dll+0x3348dc]
V  [jvm.dll+0x3355cb]
V  [jvm.dll+0x888099]
V  [jvm.dll+0x3c8f28]
V  [jvm.dll+0x871238]
V  [jvm.dll+0x45d8de]
V  [jvm.dll+0x45f5c1]
C  [jli.dll+0x52ab]
C  [ucrtbase.dll+0x37b0]
C  [KERNEL32.DLL+0x2e8d7]
C  [ntdll.dll+0x3c34c]


---------------  P R O C E S S  ---------------

Threads class SMR info:
_java_thread_list=0x00007ffc4b4e2108, length=0, elements={
}

Java Threads: ( => current thread )
Total: 0

Other Threads:
  0x00000233b3803830 WorkerThread "GC Thread#0"                     [id=16664, stack(0x0000005a3a100000,0x0000005a3a200000) (1024K)]
  0x00000233b3815410 ConcurrentGCThread "G1 Main Marker"            [id=18204, stack(0x0000005a3a200000,0x0000005a3a300000) (1024K)]
  0x00000233b3815f10 WorkerThread "G1 Conc#0"                       [id=3596, stack(0x0000005a3a300000,0x0000005a3a400000) (1024K)]

[error occurred during error reporting (printing all threads), id 0xc0000005, EXCEPTION_ACCESS_VIOLATION (0xc0000005) at pc=0x00007ffc4abd7997]
VM state: not at safepoint (not fully initialized)

VM Mutex/Monitor currently owned by a thread:  ([mutex/lock_event])
[0x00007ffc4b556a48] Heap_lock - owner thread: 0x00000233b379ec10

Heap address: 0x0000000702800000, size: 4056 MB, Compressed Oops mode: Zero based, Oop shift amount: 3

CDS archive(s) mapped at: [0x0000000000000000-0x0000000000000000-0x0000000000000000), size 0, SharedBaseAddress: 0x0000000800000000, ArchiveRelocationMode: 1.
Narrow klass base: 0x0000000000000000, Narrow klass shift: 0, Narrow klass range: 0x0

GC Precious Log:
 CardTable entry size: 512
 Card Set container configuration: InlinePtr #cards 4 size 8 Array Of Cards #cards 16 size 48 Howl #buckets 8 coarsen threshold 3686 Howl Bitmap #cards 512 size 80 coarsen threshold 460 Card regions per heap region 1 cards per card region 4096

Heap:
 garbage-first heap   total 0K, used 0K [0x0000000702800000, 0x0000000800000000)
  region size 2048K, 0 young (0K), 0 survivors (0K)
 Metaspace       used 0K, committed 0K, reserved 0K
  class space    used 0K, committed 0K, reserved 0K

Heap Regions: E=young(eden), S=young(survivor), O=old, HS=humongous(starts), HC=humongous(continues), CS=collection set, F=free, TAMS=top-at-mark-start, PB=parsable bottom

Card table byte_map: [0x00000233c7b50000,0x00000233c8340000] _byte_map_base: 0x00000233c433c000

Marking Bits: (CMBitMap*) 0x00000233b3803f30
 Bits: [0x00000233c8340000, 0x00000233cc2a0000)

GC Heap History (0 events):
No events

Dll operation events (1 events):
Event: 0.012 Loaded shared library C:\Program Files\JetBrains\WebStorm 2024.2.4\jbr\bin\java.dll

Deoptimization events (0 events):
No events

Classes loaded (0 events):
No events

Classes unloaded (0 events):
No events

Classes redefined (0 events):
No events

Internal exceptions (0 events):
No events

ZGC Phase Switch (0 events):
No events

VM Operations (0 events):
No events

Memory protections (0 events):
No events

Nmethod flushes (0 events):
No events

Events (0 events):
No events


Dynamic libraries:
0x00007ff6cd5b0000 - 0x00007ff6cd5ba000 	C:\Program Files\JetBrains\WebStorm 2024.2.4\jbr\bin\java.exe
0x00007ffcc5ba0000 - 0x00007ffcc5e05000 	C:\WINDOWS\SYSTEM32\ntdll.dll
0x00007ffcc51a0000 - 0x00007ffcc5269000 	C:\WINDOWS\System32\KERNEL32.DLL
0x00007ffcc34c0000 - 0x00007ffcc38a8000 	C:\WINDOWS\System32\KERNELBASE.dll
0x00007ffcc3000000 - 0x00007ffcc314b000 	C:\WINDOWS\System32\ucrtbase.dll
0x00007ffcbc630000 - 0x00007ffcbc648000 	C:\Program Files\JetBrains\WebStorm 2024.2.4\jbr\bin\jli.dll
0x00007ffcbc6d0000 - 0x00007ffcbc6eb000 	C:\Program Files\JetBrains\WebStorm 2024.2.4\jbr\bin\VCRUNTIME140.dll
0x00007ffcc4760000 - 0x00007ffcc492a000 	C:\WINDOWS\System32\USER32.dll
0x00007ffcacd90000 - 0x00007ffcad02a000 	C:\WINDOWS\WinSxS\amd64_microsoft.windows.common-controls_6595b64144ccf1df_6.0.26100.4202_none_3e0698d4e335f517\COMCTL32.dll
0x00007ffcc2db0000 - 0x00007ffcc2dd7000 	C:\WINDOWS\System32\win32u.dll
0x00007ffcc40e0000 - 0x00007ffcc4189000 	C:\WINDOWS\System32\msvcrt.dll
0x00007ffcc5b30000 - 0x00007ffcc5b5b000 	C:\WINDOWS\System32\GDI32.dll
0x00007ffcc3380000 - 0x00007ffcc34b7000 	C:\WINDOWS\System32\gdi32full.dll
0x00007ffcc3150000 - 0x00007ffcc31f3000 	C:\WINDOWS\System32\msvcp_win.dll
0x00007ffcc40a0000 - 0x00007ffcc40d0000 	C:\WINDOWS\System32\IMM32.DLL
0x00007ffcbc6c0000 - 0x00007ffcbc6cc000 	C:\Program Files\JetBrains\WebStorm 2024.2.4\jbr\bin\vcruntime140_1.dll
0x00007ffc95c70000 - 0x00007ffc95cfd000 	C:\Program Files\JetBrains\WebStorm 2024.2.4\jbr\bin\msvcp140.dll
0x00007ffc4a890000 - 0x00007ffc4b647000 	C:\Program Files\JetBrains\WebStorm 2024.2.4\jbr\bin\server\jvm.dll
0x00007ffcc4a20000 - 0x00007ffcc4ad3000 	C:\WINDOWS\System32\ADVAPI32.dll
0x00007ffcc59e0000 - 0x00007ffcc5a86000 	C:\WINDOWS\System32\sechost.dll
0x00007ffcc4190000 - 0x00007ffcc42a5000 	C:\WINDOWS\System32\RPCRT4.dll
0x00007ffcc44b0000 - 0x00007ffcc4524000 	C:\WINDOWS\System32\WS2_32.dll
0x00007ffcc2550000 - 0x00007ffcc25ae000 	C:\WINDOWS\SYSTEM32\POWRPROF.dll
0x00007ffcbc970000 - 0x00007ffcbc97b000 	C:\WINDOWS\SYSTEM32\VERSION.dll
0x00007ffcb7e90000 - 0x00007ffcb7ec5000 	C:\WINDOWS\SYSTEM32\WINMM.dll
0x00007ffcc2530000 - 0x00007ffcc2544000 	C:\WINDOWS\SYSTEM32\UMPDC.dll
0x00007ffcc1a70000 - 0x00007ffcc1a8b000 	C:\WINDOWS\SYSTEM32\kernel.appcore.dll
0x00007ffcbc680000 - 0x00007ffcbc68a000 	C:\Program Files\JetBrains\WebStorm 2024.2.4\jbr\bin\jimage.dll
0x00007ffcaee40000 - 0x00007ffcaf081000 	C:\WINDOWS\SYSTEM32\DBGHELP.DLL
0x00007ffcc3970000 - 0x00007ffcc3cf5000 	C:\WINDOWS\System32\combase.dll
0x00007ffcc4930000 - 0x00007ffcc4a11000 	C:\WINDOWS\System32\OLEAUT32.dll
0x00007ffc9a4f0000 - 0x00007ffc9a529000 	C:\WINDOWS\SYSTEM32\dbgcore.DLL
0x00007ffcc2f60000 - 0x00007ffcc2ff9000 	C:\WINDOWS\System32\bcryptPrimitives.dll
0x00007ffcbc650000 - 0x00007ffcbc66f000 	C:\Program Files\JetBrains\WebStorm 2024.2.4\jbr\bin\java.dll

dbghelp: loaded successfully - version: 4.0.5 - missing functions: none
symbol engine: initialized successfully - sym options: 0x614 - pdb path: .;C:\Program Files\JetBrains\WebStorm 2024.2.4\jbr\bin;C:\WINDOWS\SYSTEM32;C:\WINDOWS\WinSxS\amd64_microsoft.windows.common-controls_6595b64144ccf1df_6.0.26100.4202_none_3e0698d4e335f517;C:\Program Files\JetBrains\WebStorm 2024.2.4\jbr\bin\server

VM Arguments:
java_command: git4idea.http.GitAskPassApp Username for 'https://github.com': 
java_class_path (initial): C:/Program Files/JetBrains/WebStorm 2024.2.4/plugins/vcs-git/lib/git4idea-rt.jar;C:/Program Files/JetBrains/WebStorm 2024.2.4/lib/externalProcess-rt.jar
Launcher Type: SUN_STANDARD

[Global flags]
     intx CICompilerCount                          = 4                                         {product} {ergonomic}
     uint ConcGCThreads                            = 3                                         {product} {ergonomic}
     uint G1ConcRefinementThreads                  = 10                                        {product} {ergonomic}
   size_t G1HeapRegionSize                         = 2097152                                   {product} {ergonomic}
    uintx GCDrainStackTargetSize                   = 64                                        {product} {ergonomic}
   size_t InitialHeapSize                          = 266338304                                 {product} {ergonomic}
   size_t MarkStackSize                            = 4194304                                   {product} {ergonomic}
   size_t MaxHeapSize                              = 4253024256                                {product} {ergonomic}
   size_t MinHeapDeltaBytes                        = 2097152                                   {product} {ergonomic}
   size_t MinHeapSize                              = 8388608                                   {product} {ergonomic}
    uintx NonNMethodCodeHeapSize                   = 5839372                                {pd product} {ergonomic}
    uintx NonProfiledCodeHeapSize                  = 122909434                              {pd product} {ergonomic}
    uintx ProfiledCodeHeapSize                     = 122909434                              {pd product} {ergonomic}
    uintx ReservedCodeCacheSize                    = 251658240                              {pd product} {ergonomic}
     bool SegmentedCodeCache                       = true                                      {product} {ergonomic}
   size_t SoftMaxHeapSize                          = 4253024256                             {manageable} {ergonomic}
     bool UseCompressedOops                        = true                           {product lp64_product} {ergonomic}
     bool UseG1GC                                  = true                                      {product} {ergonomic}
     bool UseLargePagesIndividualAllocation        = false                                  {pd product} {ergonomic}

Logging:
Log output configuration:
 #0: stdout all=warning uptime,level,tags foldmultilines=false
 #1: stderr all=off uptime,level,tags foldmultilines=false

Environment Variables:
PATH=C:\Program Files\Git\mingw64\libexec\git-core;C:\Program Files\Git\mingw64\libexec\git-core;C:\Program Files\Git\mingw64\bin;C:\Program Files\Git\usr\bin;C:\Users\AFV\bin;C:\WINDOWS\system32;C:\WINDOWS;C:\WINDOWS\System32\Wbem;C:\WINDOWS\System32\WindowsPowerShell\v1.0;C:\WINDOWS\System32\OpenSSH;C:\Program Files\Microsoft VS Code\bin;C:\Program Files\nodejs;C:\Program Files\Git\cmd;C:\Program Files\NVIDIA Corporation\NVIDIA app\NvDLISR;C:\Program Files (x86)\NVIDIA Corporation\PhysX\Common;C:\Program Files\dotnet;C:\Users\AFV\AppData\Local\Microsoft\WindowsApps;C:\Users\AFV\AppData\Roaming\npm;C:\Users\AFV\AppData\Local\Microsoft\WinGet\Packages\Schniz.fnm_Microsoft.Winget.Source_8wekyb3d8bbwe;C:\Program Files\JetBrains\WebStorm 2024.2.4\bin
USERNAME=AFV
DISPLAY=:0.0
LC_ALL=en_US.UTF-8
TERM=xterm-256color
TMPDIR=C:\Users\AFV\AppData\Local\Temp
OS=Windows_NT
PROCESSOR_IDENTIFIER=Intel64 Family 6 Model 158 Stepping 10, GenuineIntel
TMP=C:\Users\AFV\AppData\Local\Temp
TEMP=C:\Users\AFV\AppData\Local\Temp




Periodic native trim disabled

JNI global refs:
JNI global refs: 0, weak refs: 0

JNI global refs memory usage: 0, weak refs: 0

Process memory usage:
Resident Set Size: 13092K (0% of 16613348K total physical memory with 562404K free physical memory)

OOME stack traces (most recent first):
Classloader memory used:

---------------  S Y S T E M  ---------------

OS:
 Windows 11 , 64 bit Build 26100 (10.0.26100.4202)
OS uptime: 0 days 21:12 hours
Hyper-V role detected

CPU: total 12 (initial active 12) (6 cores per cpu, 2 threads per core) family 6 model 158 stepping 10 microcode 0xde, cx8, cmov, fxsr, ht, mmx, 3dnowpref, sse, sse2, sse3, ssse3, sse4.1, sse4.2, popcnt, lzcnt, tsc, tscinvbit, avx, avx2, aes, erms, clmul, bmi1, bmi2, adx, fma, vzeroupper, clflush, clflushopt, hv, rdtscp, f16c
Processor Information for all 12 processors :
  Max Mhz: 2601, Current Mhz: 2600, Mhz Limit: 2574

Memory: 4k page, system-wide physical 16223M (549M free)
TotalPageFile size 20319M (AvailPageFile size 72M)
current process WorkingSet (physical memory assigned to process): 12M, peak: 12M
current process commit charge ("private bytes"): 64M, peak: 318M

vm_info: OpenJDK 64-Bit Server VM (21.0.4+13-b509.26) for windows-amd64 JRE (21.0.4+13-b509.26), built on 2024-09-27 by "builduser" with MS VC++ 16.10 / 16.11 (VS2019)

END.
